// Jest Snapshot v1, https://goo.gl/fbAQLP

exports[`ArticleContent Match snapshot 1`] = `
<DocumentFragment>
  <button
    aria-checked="false"
    class="REDACTED"
    role="radio"
    tabindex="0"
    type="button"
  >
    <span
      class="REDACTED"
    >
      No
    </span>
  </button>
</DocumentFragment>
`;
