// Jest Snapshot v1, https://goo.gl/fbAQLP

exports[`<CategorySelector /> active category highlighted 1`] = `
.emotion-0 {
  display: inline-block;
  -webkit-flex-shrink: 0;
  -ms-flex-negative: 0;
  flex-shrink: 0;
  line-height: 1;
}

.emotion-0 >svg {
  overflow: hidden;
  pointer-events: none;
  max-width: 100%;
  max-height: 100%;
  color: var(--icon-primary-color);
  fill: var(--icon-secondary-color);
  vertical-align: bottom;
}

.emotion-0 >svg stop {
  stop-color: currentColor;
}

@media screen and (forced-colors: active) {
  .emotion-0 >svg {
    -webkit-filter: grayscale(1);
    filter: grayscale(1);
    --icon-primary-color: CanvasText;
    --icon-secondary-color: Canvas;
  }
}

.emotion-1 {
  box-sizing: border-box;
  -webkit-appearance: none;
  -moz-appearance: none;
  -ms-appearance: none;
  appearance: none;
  border: none;
  cursor: pointer;
  background-color: var(--ds-background-neutral-subtle, transparent);
  border: 0;
  border-radius: var(--ds-border-radius, 3px);
  padding: var(--ds-space-0, 0px);
  -webkit-transition: color 0.2s ease;
  transition: color 0.2s ease;
  color: var(--ds-text-subtlest, #7A869A);
  color: var(--ds-text-selected, #0052CC);
}

.emotion-1:focus,
.emotion-1:focus-visible {
  outline-color: var(--ds-border-focused, #2684FF);
  outline-offset: var(--ds-space-025, 2px);
  outline-style: solid;
  outline-width: var(--ds-border-width-outline, 2px);
}

.emotion-1:focus:not(:focus-visible) {
  outline: none;
}

@media screen and (forced-colors: active),screen and (-ms-high-contrast: active) {
  .emotion-1:focus-visible {
    outline: 1px solid;
  }
}

.emotion-1:hover {
  color: var(--ds-text-selected, #0052CC);
}

.emotion-1:hover {
  color: var(--ds-text-selected, #0052CC);
}

<button
  aria-label="Activity"
  aria-selected="true"
  class=" emotion-1"
  data-focus-index="3"
  data-testid="category-selector-ACTIVITY"
  id="category-selector-ACTIVITY"
  role="tab"
  tabindex="-1"
  type="button"
>
  <span
    aria-label="Activity"
    class="emotion-0"
    role="img"
    style="--icon-primary-color: currentColor; --icon-secondary-color: var(--ds-surface, #FFFFFF);"
  >
    <svg
      height="24"
      role="presentation"
      viewBox="0 0 24 24"
      width="24"
    >
      <path
        d="M15.677 16.738A5.97 5.97 0 0112 18a5.97 5.97 0 01-3.677-1.262 6.329 6.329 0 001.982-4.589 6.33 6.33 0 00-2.157-4.746A5.973 5.973 0 0112 6c1.465 0 2.808.528 3.851 1.403a6.33 6.33 0 00-2.156 4.746c0 1.751.736 3.41 1.982 4.589zm1.354-1.472c.613-.94.969-2.063.969-3.266 0-1.124-.31-2.176-.85-3.076a4.321 4.321 0 00-1.455 3.225c0 1.187.495 2.313 1.336 3.117zm-10.062 0A5.964 5.964 0 016 12c0-1.124.31-2.176.85-3.076a4.324 4.324 0 011.455 3.225 4.323 4.323 0 01-1.336 3.117zM12 4a8 8 0 100 16 8 8 0 000-16z"
        fill="currentColor"
        fill-rule="evenodd"
      />
    </svg>
  </span>
</button>
`;
