// Jest Snapshot v1, https://goo.gl/fbAQLP

exports[`joinable-sites-data-providers should render using a custom provider 1`] = `
<WithAnalyticsEvents(DataProvider(my-joinble-sites-provider))>
  <Component />
</WithAnalyticsEvents(DataProvider(my-joinble-sites-provider))>
`;

exports[`joinable-sites-data-providers should render using the default provider 1`] = `
<WithAnalyticsEvents(DataProvider(joinableSites))>
  <Component />
</WithAnalyticsEvents(DataProvider(joinableSites))>
`;
