// Jest Snapshot v1, https://goo.gl/fbAQLP

exports[`SortableGroup should disable pointerEvents on the group while it is being dragged over 1`] = `
<Group
  hasSeparator={false}
  heading="My group"
  id="my-group"
>
  Group children
  <Component />
</Group>
`;

exports[`SortableGroup should render a Group component 1`] = `
<Group
  hasSeparator={false}
  heading="My group"
  id="my-group"
>
  Group children
  <Component />
</Group>
`;

exports[`SortableGroup should style the div wrapper with default styles and \`innerStyle\` prop 1`] = `
<Group
  hasSeparator={false}
  heading="My group"
  id="my-group"
>
  Group children
  <Component />
</Group>
`;

exports[`SortableGroup should wrap Group with a Droppable Component 1`] = `
<MockDroppable
  droppableId="my-group"
>
  <Component />
</MockDroppable>
`;
