// Jest Snapshot v1, https://goo.gl/fbAQLP

exports[`#sendData logs the obfuscated steps 1`] = `
{
  "collabService": "ncs",
  "documentAri": "ari:cloud:confluence:ABC:page/testpage",
  "errorCode": undefined,
  "errorMessage": "Attempted to send steps in view only mode",
  "errorName": "Error",
  "errorStack": undefined,
  "errorStatus": undefined,
  "network": {
    "status": "ONLINE",
  },
  "originalErrorMessage": undefined,
  "packageName": "@product/platform",
  "packageVersion": "0.0.0",
  "stepsFromNewState": "[{"stepType":{"type":"replace","contentTypes":"paragraph"},"stepContent":[{"type":"doc","content":[{"type":"paragraph","content":[{"type":"text","text":"Lorem Ips um Dol Orsit"}],"attrs":{"localId":null}}]}],"stepPositions":{"from":1,"to":1}}]",
  "stepsFromOldState": "[{"stepType":{"type":"replace","contentTypes":"paragraph"},"stepContent":[{"type":"doc","content":[{"type":"paragraph","content":[{"type":"text","text":"Lorem Ips um Dol Orsit"}],"attrs":{"localId":null}}]}],"stepPositions":{"from":1,"to":1}}]",
  "subProduct": "live",
}
`;
