// Jest Snapshot v1, https://goo.gl/fbAQLP

exports[`WhatsNewResultsLoading Should match snapshot 1`] = `
<DocumentFragment>
  <style
    data-cmpld="true"
  >REDACTED</style>
  <div
    class="REDACTED"
    style="height: 40px; margin-top: 0px; width: 152px;"
  />
  <style
    data-cmpld="true"
  >REDACTED</style>
  <ul
    aria-label="Loading"
    class="REDACTED"
    role="img"
  >
    <style
      data-cmpld="true"
    >REDACTED</style>
    <div
      class="REDACTED"
    >
      <style
        data-cmpld="true"
      >REDACTED</style>
      <div
        class="REDACTED"
        style="height: 11px; margin-top: 0px; width: 60px;"
      />
    </div>
    <style
      data-cmpld="true"
    >REDACTED</style>
    <li
      class="REDACTED"
    >
      <div
        class="REDACTED"
        style="display: inline-block; vertical-align: middle; position: relative; height: 16px; margin-top: 4px; width: 16px;"
      />
      <div
        class="REDACTED"
        style="height: 11px; margin-top: 4px; width: 60px;"
      />
      <div
        class="REDACTED"
        style="height: 1rem; margin-top: 8px; width: 100%;"
      />
      <div
        class="REDACTED"
        style="height: 1rem; margin-top: 4px; width: 90%;"
      />
    </li>
    <li
      class="REDACTED"
    >
      <div
        class="REDACTED"
        style="display: inline-block; vertical-align: middle; position: relative; height: 16px; margin-top: 4px; width: 16px;"
      />
      <div
        class="REDACTED"
        style="height: 11px; margin-top: 4px; width: 60px;"
      />
      <div
        class="REDACTED"
        style="height: 1rem; margin-top: 8px; width: 100%;"
      />
      <div
        class="REDACTED"
        style="height: 1rem; margin-top: 4px; width: 90%;"
      />
    </li>
    <div
      class="REDACTED"
    >
      <div
        class="REDACTED"
        style="height: 11px; margin-top: 0px; width: 60px;"
      />
    </div>
    <li
      class="REDACTED"
    >
      <div
        class="REDACTED"
        style="display: inline-block; vertical-align: middle; position: relative; height: 16px; margin-top: 4px; width: 16px;"
      />
      <div
        class="REDACTED"
        style="height: 11px; margin-top: 4px; width: 60px;"
      />
      <div
        class="REDACTED"
        style="height: 1rem; margin-top: 8px; width: 100%;"
      />
      <div
        class="REDACTED"
        style="height: 1rem; margin-top: 4px; width: 90%;"
      />
    </li>
    <li
      class="REDACTED"
    >
      <div
        class="REDACTED"
        style="display: inline-block; vertical-align: middle; position: relative; height: 16px; margin-top: 4px; width: 16px;"
      />
      <div
        class="REDACTED"
        style="height: 11px; margin-top: 4px; width: 60px;"
      />
      <div
        class="REDACTED"
        style="height: 1rem; margin-top: 8px; width: 100%;"
      />
      <div
        class="REDACTED"
        style="height: 1rem; margin-top: 4px; width: 90%;"
      />
    </li>
  </ul>
</DocumentFragment>
`;
