// Jest Snapshot v1, https://goo.gl/fbAQLP

exports[`Image border toolbar item should show image border toolbar items 1`] = `
Object {
  "asFragment": [Function],
  "baseElement": .emotion-8 {
  display: -webkit-box;
  display: -webkit-flex;
  display: -ms-flexbox;
  display: flex;
}

.emotion-8 .image-border-toolbar-btn {
  border-top-right-radius: 0;
  border-bottom-right-radius: 0;
  padding: 0;
}

.emotion-8 .image-border-toolbar-btn>span {
  margin: 0;
}

.emotion-8 .image-border-toolbar-dropdown {
  padding: 0;
  width: 16px!important;
  border-top-left-radius: 0!important;
  border-bottom-left-radius: 0!important;
  margin-left: 1px;
}

.emotion-8 .image-border-toolbar-dropdown>span {
  margin: 0;
}

.emotion-8:hover .image-border-toolbar-btn {
  background: var(--ds-background-neutral-subtle-hovered, rgba(9, 30, 66, 0.04));
}

.emotion-8:hover .image-border-toolbar-btn:hover {
  background: var(--ds-background-neutral-hovered, rgba(9, 30, 66, 0.08));
}

.emotion-8:hover .image-border-toolbar-dropdown {
  background: var(--ds-background-neutral-subtle-hovered, rgba(9, 30, 66, 0.04));
}

.emotion-8:hover .image-border-toolbar-dropdown:hover {
  background: var(--ds-background-neutral-hovered, rgba(9, 30, 66, 0.08));
}

.emotion-3 {
  display: -webkit-box;
  display: -webkit-flex;
  display: -ms-flexbox;
  display: flex;
  height: 100%;
}

.emotion-2 {
  -webkit-align-items: baseline;
  -webkit-box-align: baseline;
  -ms-flex-align: baseline;
  align-items: baseline;
  border-width: 0;
  border-radius: var(--ds-border-radius, 3px);
  box-sizing: border-box;
  display: -webkit-inline-box;
  display: -webkit-inline-flex;
  display: -ms-inline-flexbox;
  display: inline-flex;
  font-size: inherit;
  font-style: normal;
  font-family: inherit;
  font-weight: 500;
  max-width: 100%;
  position: relative;
  text-align: center;
  -webkit-text-decoration: none;
  text-decoration: none;
  -webkit-transition: background 0.1s ease-out,box-shadow 0.15s cubic-bezier(0.47, 0.03, 0.49, 1.38);
  transition: background 0.1s ease-out,box-shadow 0.15s cubic-bezier(0.47, 0.03, 0.49, 1.38);
  white-space: nowrap;
  background: var(--ds-background-neutral-subtle, none);
  color: var(--ds-text, #42526E)!important;
  cursor: pointer;
  height: 1.7142857142857142em;
  line-height: 1.7142857142857142em;
  padding: 0 2px;
  vertical-align: middle;
  width: 100%;
  -webkit-box-pack: center;
  -ms-flex-pack: center;
  -webkit-justify-content: center;
  justify-content: center;
}

.emotion-2:visited {
  background: var(--ds-background-neutral-subtle, none);
  color: var(--ds-text, #42526E)!important;
}

.emotion-2:hover {
  background: var(--ds-background-neutral-subtle-hovered, rgba(9, 30, 66, 0.08));
  color: var(--ds-text, #42526E)!important;
  -webkit-text-decoration: inherit;
  text-decoration: inherit;
  transition-duration: 0s,0.15s;
}

.emotion-2:active {
  background: var(--ds-background-neutral-subtle-pressed, rgba(179, 212, 255, 0.6));
  color: var(--ds-text, #0052CC)!important;
  transition-duration: 0s,0s;
}

.emotion-2[data-firefox-is-active="true"] {
  background: var(--ds-background-neutral-subtle-pressed, rgba(179, 212, 255, 0.6));
  color: var(--ds-text, #0052CC)!important;
  transition-duration: 0s,0s;
}

.emotion-2[disabled] {
  background: var(--ds-background-neutral-subtle, none);
  color: var(--ds-text-disabled, #A5ADBA)!important;
  cursor: not-allowed;
  -webkit-text-decoration: none;
  text-decoration: none;
}

.emotion-2[data-has-overlay="true"] {
  cursor: default;
  -webkit-text-decoration: none;
  text-decoration: none;
}

.emotion-2[data-has-overlay="true"]:not([disabled]):hover,
.emotion-2[data-has-overlay="true"]:not([disabled]):active {
  background: var(--ds-background-neutral-subtle, none);
  color: var(--ds-text, #42526E)!important;
}

.emotion-2::-moz-focus-inner {
  border: 0;
  margin: 0;
  padding: 0;
}

.emotion-2:focus-visible {
  outline: 2px solid var(--ds-border-focused, #2684FF);
  outline-offset: 2px;
}

@supports not selector(*:focus-visible) {
  .emotion-2:focus {
    outline: 2px solid var(--ds-border-focused, #2684FF);
    outline-offset: 2px;
  }
}

@media screen and (forced-colors: active),screen and (-ms-high-contrast: active) {
  .emotion-2:focus-visible {
    outline: 1px solid;
  }
}

.emotion-1 {
  opacity: 1;
  -webkit-transition: opacity 0.3s;
  transition: opacity 0.3s;
  display: -webkit-box;
  display: -webkit-flex;
  display: -ms-flexbox;
  display: flex;
  margin: 0 2px;
  -webkit-box-flex: 0;
  -webkit-flex-grow: 0;
  -ms-flex-positive: 0;
  flex-grow: 0;
  -webkit-flex-shrink: 0;
  -ms-flex-negative: 0;
  flex-shrink: 0;
  -webkit-align-self: center;
  -ms-flex-item-align: center;
  align-self: center;
  font-size: 0;
  line-height: 0;
  -webkit-user-select: none;
  -moz-user-select: none;
  -ms-user-select: none;
  user-select: none;
}

.emotion-0 {
  display: inline-block;
  -webkit-flex-shrink: 0;
  -ms-flex-negative: 0;
  flex-shrink: 0;
  line-height: 1;
}

.emotion-0 >svg {
  overflow: hidden;
  pointer-events: none;
  max-width: 100%;
  max-height: 100%;
  color: var(--icon-primary-color);
  fill: var(--icon-secondary-color);
  vertical-align: bottom;
}

.emotion-0 >svg stop {
  stop-color: currentColor;
}

@media screen and (forced-colors: active) {
  .emotion-0 >svg {
    -webkit-filter: grayscale(1);
    filter: grayscale(1);
    --icon-primary-color: CanvasText;
    --icon-secondary-color: Canvas;
  }
}

<body>
    <div>
      <div>
        <div
          class="emotion-8"
        >
          <div
            role="presentation"
          >
            <div
              class="emotion-3"
            >
              <button
                aria-label="Add border"
                class="image-border-toolbar-btn emotion-2"
                style="align-items: center;"
                tabindex="0"
                type="button"
              >
                <span
                  class="emotion-1"
                >
                  <span
                    aria-hidden="true"
                    class="emotion-0"
                    style="--icon-primary-color: currentColor; --icon-secondary-color: var(--ds-surface, #FFFFFF);"
                  >
                    <svg
                      fill="none"
                      height="24"
                      role="presentation"
                      viewBox="0 0 24 24"
                      width="24"
                      xmlns="http://www.w3.org/2000/svg"
                    >
                      <path
                        d="M8.33333 8C8.15267 8 8 8.14933 8 8.33333V15.6667C8.0007 15.7549 8.03604 15.8392 8.0984 15.9016C8.16076 15.964 8.24514 15.9993 8.33333 16H15.6667C15.8473 16 16 15.8507 16 15.6667V8.33333C16 8.15267 15.8507 8 15.6667 8H8.33333Z"
                        fill="currentColor"
                      />
                      <path
                        clip-rule="evenodd"
                        d="M4 7C4 5.34315 5.34315 4 7 4H17C18.6569 4 20 5.34315 20 7V17C20 18.6569 18.6569 20 17 20H7C5.34315 20 4 18.6569 4 17V7ZM7 6C6.44772 6 6 6.44772 6 7V17C6 17.5523 6.44772 18 7 18H17C17.5523 18 18 17.5523 18 17V7C18 6.44772 17.5523 6 17 6H7Z"
                        fill="currentColor"
                        fill-rule="evenodd"
                      />
                    </svg>
                  </span>
                </span>
              </button>
            </div>
          </div>
          <div>
            <div
              role="presentation"
            >
              <div
                class="emotion-3"
              >
                <button
                  aria-label="Border options"
                  class="image-border-toolbar-dropdown emotion-2"
                  style="align-items: center;"
                  tabindex="0"
                  type="button"
                >
                  <span
                    class="emotion-1"
                  >
                    <span
                      aria-hidden="true"
                      class="emotion-0"
                      style="--icon-primary-color: currentColor; --icon-secondary-color: var(--ds-surface, #FFFFFF);"
                    >
                      <svg
                        height="24"
                        role="presentation"
                        viewBox="0 0 24 24"
                        width="24"
                      >
                        <path
                          d="M8.292 10.293a1.009 1.009 0 000 1.419l2.939 2.965c.218.215.5.322.779.322s.556-.107.769-.322l2.93-2.955a1.01 1.01 0 000-1.419.987.987 0 00-1.406 0l-2.298 2.317-2.307-2.327a.99.99 0 00-1.406 0z"
                          fill="currentColor"
                          fill-rule="evenodd"
                        />
                      </svg>
                    </span>
                  </span>
                </button>
              </div>
            </div>
          </div>
        </div>
      </div>
    </div>
  </body>,
  "container": .emotion-8 {
  display: -webkit-box;
  display: -webkit-flex;
  display: -ms-flexbox;
  display: flex;
}

.emotion-8 .image-border-toolbar-btn {
  border-top-right-radius: 0;
  border-bottom-right-radius: 0;
  padding: 0;
}

.emotion-8 .image-border-toolbar-btn>span {
  margin: 0;
}

.emotion-8 .image-border-toolbar-dropdown {
  padding: 0;
  width: 16px!important;
  border-top-left-radius: 0!important;
  border-bottom-left-radius: 0!important;
  margin-left: 1px;
}

.emotion-8 .image-border-toolbar-dropdown>span {
  margin: 0;
}

.emotion-8:hover .image-border-toolbar-btn {
  background: var(--ds-background-neutral-subtle-hovered, rgba(9, 30, 66, 0.04));
}

.emotion-8:hover .image-border-toolbar-btn:hover {
  background: var(--ds-background-neutral-hovered, rgba(9, 30, 66, 0.08));
}

.emotion-8:hover .image-border-toolbar-dropdown {
  background: var(--ds-background-neutral-subtle-hovered, rgba(9, 30, 66, 0.04));
}

.emotion-8:hover .image-border-toolbar-dropdown:hover {
  background: var(--ds-background-neutral-hovered, rgba(9, 30, 66, 0.08));
}

.emotion-3 {
  display: -webkit-box;
  display: -webkit-flex;
  display: -ms-flexbox;
  display: flex;
  height: 100%;
}

.emotion-2 {
  -webkit-align-items: baseline;
  -webkit-box-align: baseline;
  -ms-flex-align: baseline;
  align-items: baseline;
  border-width: 0;
  border-radius: var(--ds-border-radius, 3px);
  box-sizing: border-box;
  display: -webkit-inline-box;
  display: -webkit-inline-flex;
  display: -ms-inline-flexbox;
  display: inline-flex;
  font-size: inherit;
  font-style: normal;
  font-family: inherit;
  font-weight: 500;
  max-width: 100%;
  position: relative;
  text-align: center;
  -webkit-text-decoration: none;
  text-decoration: none;
  -webkit-transition: background 0.1s ease-out,box-shadow 0.15s cubic-bezier(0.47, 0.03, 0.49, 1.38);
  transition: background 0.1s ease-out,box-shadow 0.15s cubic-bezier(0.47, 0.03, 0.49, 1.38);
  white-space: nowrap;
  background: var(--ds-background-neutral-subtle, none);
  color: var(--ds-text, #42526E)!important;
  cursor: pointer;
  height: 1.7142857142857142em;
  line-height: 1.7142857142857142em;
  padding: 0 2px;
  vertical-align: middle;
  width: 100%;
  -webkit-box-pack: center;
  -ms-flex-pack: center;
  -webkit-justify-content: center;
  justify-content: center;
}

.emotion-2:visited {
  background: var(--ds-background-neutral-subtle, none);
  color: var(--ds-text, #42526E)!important;
}

.emotion-2:hover {
  background: var(--ds-background-neutral-subtle-hovered, rgba(9, 30, 66, 0.08));
  color: var(--ds-text, #42526E)!important;
  -webkit-text-decoration: inherit;
  text-decoration: inherit;
  transition-duration: 0s,0.15s;
}

.emotion-2:active {
  background: var(--ds-background-neutral-subtle-pressed, rgba(179, 212, 255, 0.6));
  color: var(--ds-text, #0052CC)!important;
  transition-duration: 0s,0s;
}

.emotion-2[data-firefox-is-active="true"] {
  background: var(--ds-background-neutral-subtle-pressed, rgba(179, 212, 255, 0.6));
  color: var(--ds-text, #0052CC)!important;
  transition-duration: 0s,0s;
}

.emotion-2[disabled] {
  background: var(--ds-background-neutral-subtle, none);
  color: var(--ds-text-disabled, #A5ADBA)!important;
  cursor: not-allowed;
  -webkit-text-decoration: none;
  text-decoration: none;
}

.emotion-2[data-has-overlay="true"] {
  cursor: default;
  -webkit-text-decoration: none;
  text-decoration: none;
}

.emotion-2[data-has-overlay="true"]:not([disabled]):hover,
.emotion-2[data-has-overlay="true"]:not([disabled]):active {
  background: var(--ds-background-neutral-subtle, none);
  color: var(--ds-text, #42526E)!important;
}

.emotion-2::-moz-focus-inner {
  border: 0;
  margin: 0;
  padding: 0;
}

.emotion-2:focus-visible {
  outline: 2px solid var(--ds-border-focused, #2684FF);
  outline-offset: 2px;
}

@supports not selector(*:focus-visible) {
  .emotion-2:focus {
    outline: 2px solid var(--ds-border-focused, #2684FF);
    outline-offset: 2px;
  }
}

@media screen and (forced-colors: active),screen and (-ms-high-contrast: active) {
  .emotion-2:focus-visible {
    outline: 1px solid;
  }
}

.emotion-1 {
  opacity: 1;
  -webkit-transition: opacity 0.3s;
  transition: opacity 0.3s;
  display: -webkit-box;
  display: -webkit-flex;
  display: -ms-flexbox;
  display: flex;
  margin: 0 2px;
  -webkit-box-flex: 0;
  -webkit-flex-grow: 0;
  -ms-flex-positive: 0;
  flex-grow: 0;
  -webkit-flex-shrink: 0;
  -ms-flex-negative: 0;
  flex-shrink: 0;
  -webkit-align-self: center;
  -ms-flex-item-align: center;
  align-self: center;
  font-size: 0;
  line-height: 0;
  -webkit-user-select: none;
  -moz-user-select: none;
  -ms-user-select: none;
  user-select: none;
}

.emotion-0 {
  display: inline-block;
  -webkit-flex-shrink: 0;
  -ms-flex-negative: 0;
  flex-shrink: 0;
  line-height: 1;
}

.emotion-0 >svg {
  overflow: hidden;
  pointer-events: none;
  max-width: 100%;
  max-height: 100%;
  color: var(--icon-primary-color);
  fill: var(--icon-secondary-color);
  vertical-align: bottom;
}

.emotion-0 >svg stop {
  stop-color: currentColor;
}

@media screen and (forced-colors: active) {
  .emotion-0 >svg {
    -webkit-filter: grayscale(1);
    filter: grayscale(1);
    --icon-primary-color: CanvasText;
    --icon-secondary-color: Canvas;
  }
}

<div>
    <div>
      <div
        class="emotion-8"
      >
        <div
          role="presentation"
        >
          <div
            class="emotion-3"
          >
            <button
              aria-label="Add border"
              class="image-border-toolbar-btn emotion-2"
              style="align-items: center;"
              tabindex="0"
              type="button"
            >
              <span
                class="emotion-1"
              >
                <span
                  aria-hidden="true"
                  class="emotion-0"
                  style="--icon-primary-color: currentColor; --icon-secondary-color: var(--ds-surface, #FFFFFF);"
                >
                  <svg
                    fill="none"
                    height="24"
                    role="presentation"
                    viewBox="0 0 24 24"
                    width="24"
                    xmlns="http://www.w3.org/2000/svg"
                  >
                    <path
                      d="M8.33333 8C8.15267 8 8 8.14933 8 8.33333V15.6667C8.0007 15.7549 8.03604 15.8392 8.0984 15.9016C8.16076 15.964 8.24514 15.9993 8.33333 16H15.6667C15.8473 16 16 15.8507 16 15.6667V8.33333C16 8.15267 15.8507 8 15.6667 8H8.33333Z"
                      fill="currentColor"
                    />
                    <path
                      clip-rule="evenodd"
                      d="M4 7C4 5.34315 5.34315 4 7 4H17C18.6569 4 20 5.34315 20 7V17C20 18.6569 18.6569 20 17 20H7C5.34315 20 4 18.6569 4 17V7ZM7 6C6.44772 6 6 6.44772 6 7V17C6 17.5523 6.44772 18 7 18H17C17.5523 18 18 17.5523 18 17V7C18 6.44772 17.5523 6 17 6H7Z"
                      fill="currentColor"
                      fill-rule="evenodd"
                    />
                  </svg>
                </span>
              </span>
            </button>
          </div>
        </div>
        <div>
          <div
            role="presentation"
          >
            <div
              class="emotion-3"
            >
              <button
                aria-label="Border options"
                class="image-border-toolbar-dropdown emotion-2"
                style="align-items: center;"
                tabindex="0"
                type="button"
              >
                <span
                  class="emotion-1"
                >
                  <span
                    aria-hidden="true"
                    class="emotion-0"
                    style="--icon-primary-color: currentColor; --icon-secondary-color: var(--ds-surface, #FFFFFF);"
                  >
                    <svg
                      height="24"
                      role="presentation"
                      viewBox="0 0 24 24"
                      width="24"
                    >
                      <path
                        d="M8.292 10.293a1.009 1.009 0 000 1.419l2.939 2.965c.218.215.5.322.779.322s.556-.107.769-.322l2.93-2.955a1.01 1.01 0 000-1.419.987.987 0 00-1.406 0l-2.298 2.317-2.307-2.327a.99.99 0 00-1.406 0z"
                        fill="currentColor"
                        fill-rule="evenodd"
                      />
                    </svg>
                  </span>
                </span>
              </button>
            </div>
          </div>
        </div>
      </div>
    </div>
  </div>,
  "debug": [Function],
  "findAllByAltText": [Function],
  "findAllByDisplayValue": [Function],
  "findAllByLabelText": [Function],
  "findAllByPlaceholderText": [Function],
  "findAllByRole": [Function],
  "findAllByTestId": [Function],
  "findAllByText": [Function],
  "findAllByTitle": [Function],
  "findByAltText": [Function],
  "findByDisplayValue": [Function],
  "findByLabelText": [Function],
  "findByPlaceholderText": [Function],
  "findByRole": [Function],
  "findByTestId": [Function],
  "findByText": [Function],
  "findByTitle": [Function],
  "getAllByAltText": [Function],
  "getAllByDisplayValue": [Function],
  "getAllByLabelText": [Function],
  "getAllByPlaceholderText": [Function],
  "getAllByRole": [Function],
  "getAllByTestId": [Function],
  "getAllByText": [Function],
  "getAllByTitle": [Function],
  "getByAltText": [Function],
  "getByDisplayValue": [Function],
  "getByLabelText": [Function],
  "getByPlaceholderText": [Function],
  "getByRole": [Function],
  "getByTestId": [Function],
  "getByText": [Function],
  "getByTitle": [Function],
  "queryAllByAltText": [Function],
  "queryAllByDisplayValue": [Function],
  "queryAllByLabelText": [Function],
  "queryAllByPlaceholderText": [Function],
  "queryAllByRole": [Function],
  "queryAllByTestId": [Function],
  "queryAllByText": [Function],
  "queryAllByTitle": [Function],
  "queryByAltText": [Function],
  "queryByDisplayValue": [Function],
  "queryByLabelText": [Function],
  "queryByPlaceholderText": [Function],
  "queryByRole": [Function],
  "queryByTestId": [Function],
  "queryByText": [Function],
  "queryByTitle": [Function],
  "rerender": [Function],
  "unmount": [Function],
}
`;
